// Jest Snapshot v1, https://goo.gl/fbAQLP

exports[`<Column /> renders correctly with minimal props 1`] = `
<div
  column-type="filled"
  role="region"
>
  <div
    className="space-y-4 bg-white dark:bg-slate-800 sm:shadow-lg dark:sm:shadow-inset overflow-hidden p-4 sm:rounded-xl"
  >
    <div
      className="mb-4 flex flex-row items-center"
    >
      <button
        aria-label="Back"
        className="mr-2 text-gray-900 dark:text-gray-100"
        onClick={[Function]}
      >
        <svg
          id={
            Object {
              "process": [Function],
            }
          }
        />
        <span
          className="sr-only"
        >
          Back
        </span>
      </button>
      <h1
        className="text-xl text-gray-900 dark:text-gray-100 font-bold tracking-normal font-sans"
      />
    </div>
    <div />
  </div>
</div>
`;
