// Jest Snapshot v1, https://goo.gl/fbAQLP

exports[`<AvatarOverlay renders a overlay avatar 1`] = `
<div
  className="account__avatar-overlay"
>
  <div
    className="account__avatar-overlay-base still-image"
    style={Object {}}
  >
    <img
      alt=""
      onLoad={[Function]}
      src="/animated/alice.gif"
    />
  </div>
  <div
    className="account__avatar-overlay-overlay still-image"
    style={Object {}}
  >
    <img
      alt=""
      onLoad={[Function]}
      src="/animated/eve.gif"
    />
  </div>
</div>
`;
