// Jest Snapshot v1, https://goo.gl/fbAQLP

exports[`<Avatar /> Autoplay renders an animated avatar 1`] = `
<div
  className="rounded-full still-image"
  style={
    Object {
      "height": "100px",
      "width": "100px",
    }
  }
>
  <img
    alt=""
    onLoad={[Function]}
    src="/animated/alice.gif"
  />
</div>
`;

exports[`<Avatar /> Still renders a still avatar 1`] = `
<div
  className="rounded-full still-image"
  style={
    Object {
      "height": "100px",
      "width": "100px",
    }
  }
>
  <img
    alt=""
    onLoad={[Function]}
    src="/animated/alice.gif"
  />
</div>
`;
