// Jest Snapshot v1, https://goo.gl/fbAQLP

exports[`<ColumnHeader /> renders correctly with minimal props 1`] = `
<div
  className="column-header__wrapper"
>
  <h1
    className="column-header"
  >
    <div
      className="column-header__buttons"
    />
  </h1>
  <div
    className="column-header__collapsible collapsed"
    onTransitionEnd={[Function]}
    tabIndex={-1}
  >
    <div
      className="column-header__collapsible-inner"
    />
  </div>
</div>
`;
