// Jest Snapshot v1, https://goo.gl/fbAQLP

exports[`<DisplayName /> renders display name + account name 1`] = `
<span
  className="display-name"
>
  <span
    className="hover-ref-wrapper"
    onClick={[Function]}
    onMouseEnter={[Function]}
    onMouseLeave={[Function]}
  >
    <span
      className="display-name__name"
    >
      <bdi>
        <strong
          className="display-name__html"
          dangerouslySetInnerHTML={
            Object {
              "__html": "<p>Foo</p>",
            }
          }
        />
      </bdi>
    </span>
  </span>
  <span
    className="display-name__account"
  >
    @
    bar@baz
  </span>
</span>
`;
