// Jest Snapshot v1, https://goo.gl/fbAQLP

exports[`<EmojiSelector /> renders correctly 1`] = `
<div
  onBlur={[Function]}
  onFocus={[Function]}
  tabIndex="-1"
>
  <div
    className="flex space-x-2 bg-white dark:bg-slate-900 p-3 rounded-full shadow-md z-[999] w-max"
  >
    <button
      className=""
      onClick={[Function]}
      tabIndex={-1}
    >
      <img
        alt="👍"
        className="w-8 h-8 duration-100 hover:scale-125"
        draggable="false"
        src="/packs/emoji/1f44d.svg"
      />
    </button>
    <button
      className=""
      onClick={[Function]}
      tabIndex={-1}
    >
      <img
        alt="❤"
        className="w-8 h-8 duration-100 hover:scale-125"
        draggable="false"
        src="/packs/emoji/2764.svg"
      />
    </button>
    <button
      className=""
      onClick={[Function]}
      tabIndex={-1}
    >
      <img
        alt="😆"
        className="w-8 h-8 duration-100 hover:scale-125"
        draggable="false"
        src="/packs/emoji/1f606.svg"
      />
    </button>
    <button
      className=""
      onClick={[Function]}
      tabIndex={-1}
    >
      <img
        alt="😮"
        className="w-8 h-8 duration-100 hover:scale-125"
        draggable="false"
        src="/packs/emoji/1f62e.svg"
      />
    </button>
    <button
      className=""
      onClick={[Function]}
      tabIndex={-1}
    >
      <img
        alt="😢"
        className="w-8 h-8 duration-100 hover:scale-125"
        draggable="false"
        src="/packs/emoji/1f622.svg"
      />
    </button>
    <button
      className=""
      onClick={[Function]}
      tabIndex={-1}
    >
      <img
        alt="😩"
        className="w-8 h-8 duration-100 hover:scale-125"
        draggable="false"
        src="/packs/emoji/1f629.svg"
      />
    </button>
  </div>
</div>
`;
